MPLINK 4.49, Linker
Linker Map File - Created Wed Feb 05 03:29:55 2014

                                 Section Info
                  Section       Type    Address   Location Size(Bytes)
                ---------  ---------  ---------  ---------  ---------
                   .org_0       code   0x000000    program   0x000088
 .config_2007_SAYNICOLE.O       code   0x002007    program   0x000002



                              Program Memory Usage 
                               Start         End      
                           ---------   ---------      
                            0x000000    0x000043      
                            0x002007    0x002007      
            69 out of 2182 program addresses used, program memory utilization is 3%



                              Symbols - Sorted by Name
                     Name    Address   Location    Storage File                     
                ---------  ---------  ---------  --------- ---------                
                     d_in   0x000039    program     static F:\GitRepos\COSC422\Fun\sayNicole\sayNicole.asm
                   d_loop   0x00003d    program     static F:\GitRepos\COSC422\Fun\sayNicole\sayNicole.asm
                    del_0   0x00002a    program     static F:\GitRepos\COSC422\Fun\sayNicole\sayNicole.asm
                    del_1   0x00002b    program     static F:\GitRepos\COSC422\Fun\sayNicole\sayNicole.asm
                   del_10   0x00002f    program     static F:\GitRepos\COSC422\Fun\sayNicole\sayNicole.asm
                  del_100   0x000035    program     static F:\GitRepos\COSC422\Fun\sayNicole\sayNicole.asm
                   del_20   0x000031    program     static F:\GitRepos\COSC422\Fun\sayNicole\sayNicole.asm
                  del_250   0x000037    program     static F:\GitRepos\COSC422\Fun\sayNicole\sayNicole.asm
                    del_5   0x00002d    program     static F:\GitRepos\COSC422\Fun\sayNicole\sayNicole.asm
                   del_50   0x000033    program     static F:\GitRepos\COSC422\Fun\sayNicole\sayNicole.asm
                    delay   0x000038    program     static F:\GitRepos\COSC422\Fun\sayNicole\sayNicole.asm
                  display   0x000022    program     static F:\GitRepos\COSC422\Fun\sayNicole\sayNicole.asm
                    start   0x000014    program     static F:\GitRepos\COSC422\Fun\sayNicole\sayNicole.asm



                              Symbols - Sorted by Address
                     Name    Address   Location    Storage File                     
                ---------  ---------  ---------  --------- ---------                
                    start   0x000014    program     static F:\GitRepos\COSC422\Fun\sayNicole\sayNicole.asm
                  display   0x000022    program     static F:\GitRepos\COSC422\Fun\sayNicole\sayNicole.asm
                    del_0   0x00002a    program     static F:\GitRepos\COSC422\Fun\sayNicole\sayNicole.asm
                    del_1   0x00002b    program     static F:\GitRepos\COSC422\Fun\sayNicole\sayNicole.asm
                    del_5   0x00002d    program     static F:\GitRepos\COSC422\Fun\sayNicole\sayNicole.asm
                   del_10   0x00002f    program     static F:\GitRepos\COSC422\Fun\sayNicole\sayNicole.asm
                   del_20   0x000031    program     static F:\GitRepos\COSC422\Fun\sayNicole\sayNicole.asm
                   del_50   0x000033    program     static F:\GitRepos\COSC422\Fun\sayNicole\sayNicole.asm
                  del_100   0x000035    program     static F:\GitRepos\COSC422\Fun\sayNicole\sayNicole.asm
                  del_250   0x000037    program     static F:\GitRepos\COSC422\Fun\sayNicole\sayNicole.asm
                    delay   0x000038    program     static F:\GitRepos\COSC422\Fun\sayNicole\sayNicole.asm
                     d_in   0x000039    program     static F:\GitRepos\COSC422\Fun\sayNicole\sayNicole.asm
                   d_loop   0x00003d    program     static F:\GitRepos\COSC422\Fun\sayNicole\sayNicole.asm


