MPLINK 4.49, Linker
Linker Map File - Created Mon Mar 10 05:12:28 2014

                                 Section Info
                  Section       Type    Address   Location Size(Bytes)
                ---------  ---------  ---------  ---------  ---------
                   .org_0       code   0x000000    program   0x000000
                   .org_1       code   0x000000    program   0x000002
                   .org_2       code   0x000004    program   0x0000b4
.config_2007_DOROBOTSTUFF.O       code   0x002007    program   0x000002



                              Program Memory Usage 
                               Start         End      
                           ---------   ---------      
                            0x000000    0x000000      
                            0x000004    0x00005d      
                            0x002007    0x002007      
            92 out of 2182 program addresses used, program memory utilization is 4%



                              Symbols - Sorted by Name
                     Name    Address   Location    Storage File                     
                ---------  ---------  ---------  --------- ---------                
                 backward   0x00001d    program     static F:\GitRepos\COSC422\Project3\doRobotStuff.asm
                driveLoop   0x000011    program     static F:\GitRepos\COSC422\Project3\doRobotStuff.asm
                   endIsr   0x00005b    program     static F:\GitRepos\COSC422\Project3\doRobotStuff.asm
               goBackward   0x00001b    program     static F:\GitRepos\COSC422\Project3\doRobotStuff.asm
                goForward   0x000013    program     static F:\GitRepos\COSC422\Project3\doRobotStuff.asm
                      isr   0x000055    program     static F:\GitRepos\COSC422\Project3\doRobotStuff.asm
                leftStart   0x000035    program     static F:\GitRepos\COSC422\Project3\doRobotStuff.asm
                     main   0x000005    program     static F:\GitRepos\COSC422\Project3\doRobotStuff.asm
              nowTurnLeft   0x00005a    program     static F:\GitRepos\COSC422\Project3\doRobotStuff.asm
               rightStart   0x000029    program     static F:\GitRepos\COSC422\Project3\doRobotStuff.asm
                 turnLeft   0x000033    program     static F:\GitRepos\COSC422\Project3\doRobotStuff.asm
                turnRight   0x000027    program     static F:\GitRepos\COSC422\Project3\doRobotStuff.asm
                  wait1ms   0x00004a    program     static F:\GitRepos\COSC422\Project3\doRobotStuff.asm
               wait1ms_in   0x00004e    program     static F:\GitRepos\COSC422\Project3\doRobotStuff.asm
                   waiter   0x00003f    program     static F:\GitRepos\COSC422\Project3\doRobotStuff.asm
                waiter_in   0x000043    program     static F:\GitRepos\COSC422\Project3\doRobotStuff.asm



                              Symbols - Sorted by Address
                     Name    Address   Location    Storage File                     
                ---------  ---------  ---------  --------- ---------                
                     main   0x000005    program     static F:\GitRepos\COSC422\Project3\doRobotStuff.asm
                driveLoop   0x000011    program     static F:\GitRepos\COSC422\Project3\doRobotStuff.asm
                goForward   0x000013    program     static F:\GitRepos\COSC422\Project3\doRobotStuff.asm
               goBackward   0x00001b    program     static F:\GitRepos\COSC422\Project3\doRobotStuff.asm
                 backward   0x00001d    program     static F:\GitRepos\COSC422\Project3\doRobotStuff.asm
                turnRight   0x000027    program     static F:\GitRepos\COSC422\Project3\doRobotStuff.asm
               rightStart   0x000029    program     static F:\GitRepos\COSC422\Project3\doRobotStuff.asm
                 turnLeft   0x000033    program     static F:\GitRepos\COSC422\Project3\doRobotStuff.asm
                leftStart   0x000035    program     static F:\GitRepos\COSC422\Project3\doRobotStuff.asm
                   waiter   0x00003f    program     static F:\GitRepos\COSC422\Project3\doRobotStuff.asm
                waiter_in   0x000043    program     static F:\GitRepos\COSC422\Project3\doRobotStuff.asm
                  wait1ms   0x00004a    program     static F:\GitRepos\COSC422\Project3\doRobotStuff.asm
               wait1ms_in   0x00004e    program     static F:\GitRepos\COSC422\Project3\doRobotStuff.asm
                      isr   0x000055    program     static F:\GitRepos\COSC422\Project3\doRobotStuff.asm
              nowTurnLeft   0x00005a    program     static F:\GitRepos\COSC422\Project3\doRobotStuff.asm
                   endIsr   0x00005b    program     static F:\GitRepos\COSC422\Project3\doRobotStuff.asm


