MPLINK 4.49, Linker
Linker Map File - Created Mon Mar 10 05:17:16 2014

                                 Section Info
                  Section       Type    Address   Location Size(Bytes)
                ---------  ---------  ---------  ---------  ---------
                   .org_0       code   0x000000    program   0x000000
                   .org_1       code   0x000000    program   0x000002
                   .org_2       code   0x000004    program   0x00007e
.config_2007_GOFORWARDANDBACKWARD.O       code   0x002007    program   0x000002



                              Program Memory Usage 
                               Start         End      
                           ---------   ---------      
                            0x000000    0x000000      
                            0x000004    0x000042      
                            0x002007    0x002007      
            65 out of 2182 program addresses used, program memory utilization is 2%



                              Symbols - Sorted by Name
                     Name    Address   Location    Storage File                     
                ---------  ---------  ---------  --------- ---------                
                 backward   0x000017    program     static F:\GitRepos\COSC422\Project3\goForwardAndBackward.asm
                driveLoop   0x000010    program     static F:\GitRepos\COSC422\Project3\goForwardAndBackward.asm
                  forward   0x000012    program     static F:\GitRepos\COSC422\Project3\goForwardAndBackward.asm
               goBackward   0x000023    program     static F:\GitRepos\COSC422\Project3\goForwardAndBackward.asm
                goForward   0x00001b    program     static F:\GitRepos\COSC422\Project3\goForwardAndBackward.asm
                      isr   0x000041    program     static F:\GitRepos\COSC422\Project3\goForwardAndBackward.asm
                     main   0x000005    program     static F:\GitRepos\COSC422\Project3\goForwardAndBackward.asm
                  wait1ms   0x000036    program     static F:\GitRepos\COSC422\Project3\goForwardAndBackward.asm
               wait1ms_in   0x00003a    program     static F:\GitRepos\COSC422\Project3\goForwardAndBackward.asm
                   waiter   0x00002b    program     static F:\GitRepos\COSC422\Project3\goForwardAndBackward.asm
                waiter_in   0x00002f    program     static F:\GitRepos\COSC422\Project3\goForwardAndBackward.asm



                              Symbols - Sorted by Address
                     Name    Address   Location    Storage File                     
                ---------  ---------  ---------  --------- ---------                
                     main   0x000005    program     static F:\GitRepos\COSC422\Project3\goForwardAndBackward.asm
                driveLoop   0x000010    program     static F:\GitRepos\COSC422\Project3\goForwardAndBackward.asm
                  forward   0x000012    program     static F:\GitRepos\COSC422\Project3\goForwardAndBackward.asm
                 backward   0x000017    program     static F:\GitRepos\COSC422\Project3\goForwardAndBackward.asm
                goForward   0x00001b    program     static F:\GitRepos\COSC422\Project3\goForwardAndBackward.asm
               goBackward   0x000023    program     static F:\GitRepos\COSC422\Project3\goForwardAndBackward.asm
                   waiter   0x00002b    program     static F:\GitRepos\COSC422\Project3\goForwardAndBackward.asm
                waiter_in   0x00002f    program     static F:\GitRepos\COSC422\Project3\goForwardAndBackward.asm
                  wait1ms   0x000036    program     static F:\GitRepos\COSC422\Project3\goForwardAndBackward.asm
               wait1ms_in   0x00003a    program     static F:\GitRepos\COSC422\Project3\goForwardAndBackward.asm
                      isr   0x000041    program     static F:\GitRepos\COSC422\Project3\goForwardAndBackward.asm


