MPLINK 4.49, Linker
Linker Map File - Created Mon Feb 03 22:45:48 2014

                                 Section Info
                  Section       Type    Address   Location Size(Bytes)
                ---------  ---------  ---------  ---------  ---------
                   .org_0       code   0x000000    program   0x00007a
  .config_2007_SAYEDDIE.O       code   0x002007    program   0x000002



                              Program Memory Usage 
                               Start         End      
                           ---------   ---------      
                            0x000000    0x00003c      
                            0x002007    0x002007      
            62 out of 2182 program addresses used, program memory utilization is 2%



                              Symbols - Sorted by Name
                     Name    Address   Location    Storage File                     
                ---------  ---------  ---------  --------- ---------                
                     d_in   0x000032    program     static F:\GitRepos\COSC422\Fun\sayEddie\sayEddie.asm
                   d_loop   0x000036    program     static F:\GitRepos\COSC422\Fun\sayEddie\sayEddie.asm
                    del_0   0x000023    program     static F:\GitRepos\COSC422\Fun\sayEddie\sayEddie.asm
                    del_1   0x000024    program     static F:\GitRepos\COSC422\Fun\sayEddie\sayEddie.asm
                   del_10   0x000028    program     static F:\GitRepos\COSC422\Fun\sayEddie\sayEddie.asm
                  del_100   0x00002e    program     static F:\GitRepos\COSC422\Fun\sayEddie\sayEddie.asm
                   del_20   0x00002a    program     static F:\GitRepos\COSC422\Fun\sayEddie\sayEddie.asm
                  del_250   0x000030    program     static F:\GitRepos\COSC422\Fun\sayEddie\sayEddie.asm
                    del_5   0x000026    program     static F:\GitRepos\COSC422\Fun\sayEddie\sayEddie.asm
                   del_50   0x00002c    program     static F:\GitRepos\COSC422\Fun\sayEddie\sayEddie.asm
                    delay   0x000031    program     static F:\GitRepos\COSC422\Fun\sayEddie\sayEddie.asm
                  display   0x00001a    program     static F:\GitRepos\COSC422\Fun\sayEddie\sayEddie.asm
                    start   0x00000e    program     static F:\GitRepos\COSC422\Fun\sayEddie\sayEddie.asm



                              Symbols - Sorted by Address
                     Name    Address   Location    Storage File                     
                ---------  ---------  ---------  --------- ---------                
                    start   0x00000e    program     static F:\GitRepos\COSC422\Fun\sayEddie\sayEddie.asm
                  display   0x00001a    program     static F:\GitRepos\COSC422\Fun\sayEddie\sayEddie.asm
                    del_0   0x000023    program     static F:\GitRepos\COSC422\Fun\sayEddie\sayEddie.asm
                    del_1   0x000024    program     static F:\GitRepos\COSC422\Fun\sayEddie\sayEddie.asm
                    del_5   0x000026    program     static F:\GitRepos\COSC422\Fun\sayEddie\sayEddie.asm
                   del_10   0x000028    program     static F:\GitRepos\COSC422\Fun\sayEddie\sayEddie.asm
                   del_20   0x00002a    program     static F:\GitRepos\COSC422\Fun\sayEddie\sayEddie.asm
                   del_50   0x00002c    program     static F:\GitRepos\COSC422\Fun\sayEddie\sayEddie.asm
                  del_100   0x00002e    program     static F:\GitRepos\COSC422\Fun\sayEddie\sayEddie.asm
                  del_250   0x000030    program     static F:\GitRepos\COSC422\Fun\sayEddie\sayEddie.asm
                    delay   0x000031    program     static F:\GitRepos\COSC422\Fun\sayEddie\sayEddie.asm
                     d_in   0x000032    program     static F:\GitRepos\COSC422\Fun\sayEddie\sayEddie.asm
                   d_loop   0x000036    program     static F:\GitRepos\COSC422\Fun\sayEddie\sayEddie.asm


