MPLINK 4.49, Linker
Linker Map File - Created Wed Feb 05 03:12:56 2014

                                 Section Info
                  Section       Type    Address   Location Size(Bytes)
                ---------  ---------  ---------  ---------  ---------
                   .org_0       code   0x000000    program   0x000082
 .config_2007_SSLEDTEST.O       code   0x002007    program   0x000002



                              Program Memory Usage 
                               Start         End      
                           ---------   ---------      
                            0x000000    0x000040      
                            0x002007    0x002007      
            66 out of 2182 program addresses used, program memory utilization is 3%



                              Symbols - Sorted by Name
                     Name    Address   Location    Storage File                     
                ---------  ---------  ---------  --------- ---------                
                     d_in   0x000036    program     static F:\GitRepos\COSC422\Fun\sevenSegmentLEDTester\ssLEDTest.asm
                   d_loop   0x00003a    program     static F:\GitRepos\COSC422\Fun\sevenSegmentLEDTester\ssLEDTest.asm
                    del_0   0x000027    program     static F:\GitRepos\COSC422\Fun\sevenSegmentLEDTester\ssLEDTest.asm
                    del_1   0x000028    program     static F:\GitRepos\COSC422\Fun\sevenSegmentLEDTester\ssLEDTest.asm
                   del_10   0x00002c    program     static F:\GitRepos\COSC422\Fun\sevenSegmentLEDTester\ssLEDTest.asm
                  del_100   0x000032    program     static F:\GitRepos\COSC422\Fun\sevenSegmentLEDTester\ssLEDTest.asm
                   del_20   0x00002e    program     static F:\GitRepos\COSC422\Fun\sevenSegmentLEDTester\ssLEDTest.asm
                  del_250   0x000034    program     static F:\GitRepos\COSC422\Fun\sevenSegmentLEDTester\ssLEDTest.asm
                    del_5   0x00002a    program     static F:\GitRepos\COSC422\Fun\sevenSegmentLEDTester\ssLEDTest.asm
                   del_50   0x000030    program     static F:\GitRepos\COSC422\Fun\sevenSegmentLEDTester\ssLEDTest.asm
                    delay   0x000035    program     static F:\GitRepos\COSC422\Fun\sevenSegmentLEDTester\ssLEDTest.asm
                  display   0x00001e    program     static F:\GitRepos\COSC422\Fun\sevenSegmentLEDTester\ssLEDTest.asm
                    start   0x000008    program     static F:\GitRepos\COSC422\Fun\sevenSegmentLEDTester\ssLEDTest.asm



                              Symbols - Sorted by Address
                     Name    Address   Location    Storage File                     
                ---------  ---------  ---------  --------- ---------                
                    start   0x000008    program     static F:\GitRepos\COSC422\Fun\sevenSegmentLEDTester\ssLEDTest.asm
                  display   0x00001e    program     static F:\GitRepos\COSC422\Fun\sevenSegmentLEDTester\ssLEDTest.asm
                    del_0   0x000027    program     static F:\GitRepos\COSC422\Fun\sevenSegmentLEDTester\ssLEDTest.asm
                    del_1   0x000028    program     static F:\GitRepos\COSC422\Fun\sevenSegmentLEDTester\ssLEDTest.asm
                    del_5   0x00002a    program     static F:\GitRepos\COSC422\Fun\sevenSegmentLEDTester\ssLEDTest.asm
                   del_10   0x00002c    program     static F:\GitRepos\COSC422\Fun\sevenSegmentLEDTester\ssLEDTest.asm
                   del_20   0x00002e    program     static F:\GitRepos\COSC422\Fun\sevenSegmentLEDTester\ssLEDTest.asm
                   del_50   0x000030    program     static F:\GitRepos\COSC422\Fun\sevenSegmentLEDTester\ssLEDTest.asm
                  del_100   0x000032    program     static F:\GitRepos\COSC422\Fun\sevenSegmentLEDTester\ssLEDTest.asm
                  del_250   0x000034    program     static F:\GitRepos\COSC422\Fun\sevenSegmentLEDTester\ssLEDTest.asm
                    delay   0x000035    program     static F:\GitRepos\COSC422\Fun\sevenSegmentLEDTester\ssLEDTest.asm
                     d_in   0x000036    program     static F:\GitRepos\COSC422\Fun\sevenSegmentLEDTester\ssLEDTest.asm
                   d_loop   0x00003a    program     static F:\GitRepos\COSC422\Fun\sevenSegmentLEDTester\ssLEDTest.asm


