MPLINK 4.49, Linker
Linker Map File - Created Sat Feb 08 22:59:14 2014

                                 Section Info
                  Section       Type    Address   Location Size(Bytes)
                ---------  ---------  ---------  ---------  ---------
                   .org_0       code   0x000000    program   0x00009c
.config_2007_P2_RECEIVER.O       code   0x002007    program   0x000002



                              Program Memory Usage 
                               Start         End      
                           ---------   ---------      
                            0x000000    0x00004d      
                            0x002007    0x002007      
            79 out of 2182 program addresses used, program memory utilization is 3%



                              Symbols - Sorted by Name
                     Name    Address   Location    Storage File                     
                ---------  ---------  ---------  --------- ---------                
                     d_in   0x000043    program     static F:\GitRepos\COSC422\Project2\p2_receiver.asm
                   d_loop   0x000047    program     static F:\GitRepos\COSC422\Project2\p2_receiver.asm
                    del_0   0x000034    program     static F:\GitRepos\COSC422\Project2\p2_receiver.asm
                    del_1   0x000035    program     static F:\GitRepos\COSC422\Project2\p2_receiver.asm
                   del_10   0x000039    program     static F:\GitRepos\COSC422\Project2\p2_receiver.asm
                  del_100   0x00003f    program     static F:\GitRepos\COSC422\Project2\p2_receiver.asm
                   del_20   0x00003b    program     static F:\GitRepos\COSC422\Project2\p2_receiver.asm
                  del_250   0x000041    program     static F:\GitRepos\COSC422\Project2\p2_receiver.asm
                    del_5   0x000037    program     static F:\GitRepos\COSC422\Project2\p2_receiver.asm
                   del_50   0x00003d    program     static F:\GitRepos\COSC422\Project2\p2_receiver.asm
                    delay   0x000042    program     static F:\GitRepos\COSC422\Project2\p2_receiver.asm
                  display   0x00002b    program     static F:\GitRepos\COSC422\Project2\p2_receiver.asm
                    start   0x000018    program     static F:\GitRepos\COSC422\Project2\p2_receiver.asm



                              Symbols - Sorted by Address
                     Name    Address   Location    Storage File                     
                ---------  ---------  ---------  --------- ---------                
                    start   0x000018    program     static F:\GitRepos\COSC422\Project2\p2_receiver.asm
                  display   0x00002b    program     static F:\GitRepos\COSC422\Project2\p2_receiver.asm
                    del_0   0x000034    program     static F:\GitRepos\COSC422\Project2\p2_receiver.asm
                    del_1   0x000035    program     static F:\GitRepos\COSC422\Project2\p2_receiver.asm
                    del_5   0x000037    program     static F:\GitRepos\COSC422\Project2\p2_receiver.asm
                   del_10   0x000039    program     static F:\GitRepos\COSC422\Project2\p2_receiver.asm
                   del_20   0x00003b    program     static F:\GitRepos\COSC422\Project2\p2_receiver.asm
                   del_50   0x00003d    program     static F:\GitRepos\COSC422\Project2\p2_receiver.asm
                  del_100   0x00003f    program     static F:\GitRepos\COSC422\Project2\p2_receiver.asm
                  del_250   0x000041    program     static F:\GitRepos\COSC422\Project2\p2_receiver.asm
                    delay   0x000042    program     static F:\GitRepos\COSC422\Project2\p2_receiver.asm
                     d_in   0x000043    program     static F:\GitRepos\COSC422\Project2\p2_receiver.asm
                   d_loop   0x000047    program     static F:\GitRepos\COSC422\Project2\p2_receiver.asm


