MPLINK 4.49, Linker
Linker Map File - Created Wed Feb 12 05:25:40 2014

                                 Section Info
                  Section       Type    Address   Location Size(Bytes)
                ---------  ---------  ---------  ---------  ---------
                   .org_0       code   0x000000    program   0x0000ba
.config_2007_P2_RECEIVER.O       code   0x002007    program   0x000002



                              Program Memory Usage 
                               Start         End      
                           ---------   ---------      
                            0x000000    0x00005c      
                            0x002007    0x002007      
            94 out of 2182 program addresses used, program memory utilization is 4%



                              Symbols - Sorted by Name
                     Name    Address   Location    Storage File                     
                ---------  ---------  ---------  --------- ---------                
                  bitWait   0x000053    program     static F:\GitRepos\COSC422\Project2\p2_receiver.asm
             bitWait_loop   0x000055    program     static F:\GitRepos\COSC422\Project2\p2_receiver.asm
                 fourPlus   0x00002d    program     static F:\GitRepos\COSC422\Project2\p2_receiver.asm
                 initWait   0x00004d    program     static F:\GitRepos\COSC422\Project2\p2_receiver.asm
            initWait_loop   0x00004f    program     static F:\GitRepos\COSC422\Project2\p2_receiver.asm
                   isFive   0x000044    program     static F:\GitRepos\COSC422\Project2\p2_receiver.asm
                   isFour   0x000041    program     static F:\GitRepos\COSC422\Project2\p2_receiver.asm
                    isOne   0x000038    program     static F:\GitRepos\COSC422\Project2\p2_receiver.asm
                  isSeven   0x00004a    program     static F:\GitRepos\COSC422\Project2\p2_receiver.asm
                    isSix   0x000047    program     static F:\GitRepos\COSC422\Project2\p2_receiver.asm
                  isThree   0x00003e    program     static F:\GitRepos\COSC422\Project2\p2_receiver.asm
                    isTwo   0x00003b    program     static F:\GitRepos\COSC422\Project2\p2_receiver.asm
                   isZero   0x000035    program     static F:\GitRepos\COSC422\Project2\p2_receiver.asm
                  readAll   0x00001f    program     static F:\GitRepos\COSC422\Project2\p2_receiver.asm
                   readIn   0x000058    program     static F:\GitRepos\COSC422\Project2\p2_receiver.asm
                  sixPlus   0x000032    program     static F:\GitRepos\COSC422\Project2\p2_receiver.asm
             startPolling   0x000018    program     static F:\GitRepos\COSC422\Project2\p2_receiver.asm
                  twoPlus   0x00002a    program     static F:\GitRepos\COSC422\Project2\p2_receiver.asm



                              Symbols - Sorted by Address
                     Name    Address   Location    Storage File                     
                ---------  ---------  ---------  --------- ---------                
             startPolling   0x000018    program     static F:\GitRepos\COSC422\Project2\p2_receiver.asm
                  readAll   0x00001f    program     static F:\GitRepos\COSC422\Project2\p2_receiver.asm
                  twoPlus   0x00002a    program     static F:\GitRepos\COSC422\Project2\p2_receiver.asm
                 fourPlus   0x00002d    program     static F:\GitRepos\COSC422\Project2\p2_receiver.asm
                  sixPlus   0x000032    program     static F:\GitRepos\COSC422\Project2\p2_receiver.asm
                   isZero   0x000035    program     static F:\GitRepos\COSC422\Project2\p2_receiver.asm
                    isOne   0x000038    program     static F:\GitRepos\COSC422\Project2\p2_receiver.asm
                    isTwo   0x00003b    program     static F:\GitRepos\COSC422\Project2\p2_receiver.asm
                  isThree   0x00003e    program     static F:\GitRepos\COSC422\Project2\p2_receiver.asm
                   isFour   0x000041    program     static F:\GitRepos\COSC422\Project2\p2_receiver.asm
                   isFive   0x000044    program     static F:\GitRepos\COSC422\Project2\p2_receiver.asm
                    isSix   0x000047    program     static F:\GitRepos\COSC422\Project2\p2_receiver.asm
                  isSeven   0x00004a    program     static F:\GitRepos\COSC422\Project2\p2_receiver.asm
                 initWait   0x00004d    program     static F:\GitRepos\COSC422\Project2\p2_receiver.asm
            initWait_loop   0x00004f    program     static F:\GitRepos\COSC422\Project2\p2_receiver.asm
                  bitWait   0x000053    program     static F:\GitRepos\COSC422\Project2\p2_receiver.asm
             bitWait_loop   0x000055    program     static F:\GitRepos\COSC422\Project2\p2_receiver.asm
                   readIn   0x000058    program     static F:\GitRepos\COSC422\Project2\p2_receiver.asm


