MPLINK 4.49, Linker
Linker Map File - Created Wed Feb 05 03:34:25 2014

                                 Section Info
                  Section       Type    Address   Location Size(Bytes)
                ---------  ---------  ---------  ---------  ---------
                   .org_0       code   0x000000    program   0x000064
  .config_2007_PROJECT1.O       code   0x002007    program   0x000002



                              Program Memory Usage 
                               Start         End      
                           ---------   ---------      
                            0x000000    0x000031      
                            0x002007    0x002007      
            51 out of 2182 program addresses used, program memory utilization is 2%



                              Symbols - Sorted by Name
                     Name    Address   Location    Storage File                     
                ---------  ---------  ---------  --------- ---------                
                     Del0   0x000018    program     static F:\GitRepos\COSC422\Project1\Easy\Project1.asm
                     Del1   0x000019    program     static F:\GitRepos\COSC422\Project1\Easy\Project1.asm
                    Del10   0x00001d    program     static F:\GitRepos\COSC422\Project1\Easy\Project1.asm
                   Del100   0x000023    program     static F:\GitRepos\COSC422\Project1\Easy\Project1.asm
                    Del20   0x00001f    program     static F:\GitRepos\COSC422\Project1\Easy\Project1.asm
                   Del250   0x000025    program     static F:\GitRepos\COSC422\Project1\Easy\Project1.asm
                     Del5   0x00001b    program     static F:\GitRepos\COSC422\Project1\Easy\Project1.asm
                    Del50   0x000021    program     static F:\GitRepos\COSC422\Project1\Easy\Project1.asm
                    Delay   0x000026    program     static F:\GitRepos\COSC422\Project1\Easy\Project1.asm
                  Delay_0   0x00002b    program     static F:\GitRepos\COSC422\Project1\Easy\Project1.asm
                       d1   0x000027    program     static F:\GitRepos\COSC422\Project1\Easy\Project1.asm
                 delay180   0x000013    program     static F:\GitRepos\COSC422\Project1\Easy\Project1.asm
                 delay275   0x00000f    program     static F:\GitRepos\COSC422\Project1\Easy\Project1.asm
                    start   0x000008    program     static F:\GitRepos\COSC422\Project1\Easy\Project1.asm



                              Symbols - Sorted by Address
                     Name    Address   Location    Storage File                     
                ---------  ---------  ---------  --------- ---------                
                    start   0x000008    program     static F:\GitRepos\COSC422\Project1\Easy\Project1.asm
                 delay275   0x00000f    program     static F:\GitRepos\COSC422\Project1\Easy\Project1.asm
                 delay180   0x000013    program     static F:\GitRepos\COSC422\Project1\Easy\Project1.asm
                     Del0   0x000018    program     static F:\GitRepos\COSC422\Project1\Easy\Project1.asm
                     Del1   0x000019    program     static F:\GitRepos\COSC422\Project1\Easy\Project1.asm
                     Del5   0x00001b    program     static F:\GitRepos\COSC422\Project1\Easy\Project1.asm
                    Del10   0x00001d    program     static F:\GitRepos\COSC422\Project1\Easy\Project1.asm
                    Del20   0x00001f    program     static F:\GitRepos\COSC422\Project1\Easy\Project1.asm
                    Del50   0x000021    program     static F:\GitRepos\COSC422\Project1\Easy\Project1.asm
                   Del100   0x000023    program     static F:\GitRepos\COSC422\Project1\Easy\Project1.asm
                   Del250   0x000025    program     static F:\GitRepos\COSC422\Project1\Easy\Project1.asm
                    Delay   0x000026    program     static F:\GitRepos\COSC422\Project1\Easy\Project1.asm
                       d1   0x000027    program     static F:\GitRepos\COSC422\Project1\Easy\Project1.asm
                  Delay_0   0x00002b    program     static F:\GitRepos\COSC422\Project1\Easy\Project1.asm


