MPLINK 4.49, Linker
Linker Map File - Created Sat Feb 01 03:11:48 2014

                                 Section Info
                  Section       Type    Address   Location Size(Bytes)
                ---------  ---------  ---------  ---------  ---------
                   .org_0       code   0x000000    program   0x00005e
  .config_2007_PROJECT1.O       code   0x002007    program   0x000002



                              Program Memory Usage 
                               Start         End      
                           ---------   ---------      
                            0x000000    0x00002e      
                            0x002007    0x002007      
            48 out of 2182 program addresses used, program memory utilization is 2%



                              Symbols - Sorted by Name
                     Name    Address   Location    Storage File                     
                ---------  ---------  ---------  --------- ---------                
              d180_inner1   0x000023    program     static F:\GitRepos\COSC422\Project1\Project1.asm
              d180_inner2   0x000028    program     static F:\GitRepos\COSC422\Project1\Project1.asm
               d180_outer   0x000021    program     static F:\GitRepos\COSC422\Project1\Project1.asm
              d275_inner1   0x000013    program     static F:\GitRepos\COSC422\Project1\Project1.asm
              d275_inner2   0x000018    program     static F:\GitRepos\COSC422\Project1\Project1.asm
               d275_outer   0x000011    program     static F:\GitRepos\COSC422\Project1\Project1.asm
                 delay180   0x00001f    program     static F:\GitRepos\COSC422\Project1\Project1.asm
                 delay275   0x00000f    program     static F:\GitRepos\COSC422\Project1\Project1.asm
                    start   0x000008    program     static F:\GitRepos\COSC422\Project1\Project1.asm



                              Symbols - Sorted by Address
                     Name    Address   Location    Storage File                     
                ---------  ---------  ---------  --------- ---------                
                    start   0x000008    program     static F:\GitRepos\COSC422\Project1\Project1.asm
                 delay275   0x00000f    program     static F:\GitRepos\COSC422\Project1\Project1.asm
               d275_outer   0x000011    program     static F:\GitRepos\COSC422\Project1\Project1.asm
              d275_inner1   0x000013    program     static F:\GitRepos\COSC422\Project1\Project1.asm
              d275_inner2   0x000018    program     static F:\GitRepos\COSC422\Project1\Project1.asm
                 delay180   0x00001f    program     static F:\GitRepos\COSC422\Project1\Project1.asm
               d180_outer   0x000021    program     static F:\GitRepos\COSC422\Project1\Project1.asm
              d180_inner1   0x000023    program     static F:\GitRepos\COSC422\Project1\Project1.asm
              d180_inner2   0x000028    program     static F:\GitRepos\COSC422\Project1\Project1.asm


