MPASM  5.51                P2_TRANSMITTER.ASM   2-12-2014  4:15:05         PAGE  1


LOC  OBJECT CODE     LINE SOURCE TEXT
  VALUE

                      00001 ;p2_transmitter.asm
                      00002 ;Depending on the number of high power wires attached, sends data to the p2_receiver chip
                      00003 ;@author: Nicole and Eddie
                      00004 
                      00005 ; uncomment following two lines if using 16f627 or 16f628.
                      00006         LIST    p=16F628                ;tell assembler what chip we are using
                      00007         include "P16F628.inc"   ;include the defaults for the chip
                      00001         LIST
                      00002 
                      00003 ;==========================================================================
                      00004 ;  MPASM PIC16F628 processor include
                      00005 ; 
                      00006 ;  (c) Copyright 1999-2013 Microchip Technology, All rights reserved
                      00007 ;==========================================================================
                      00008 
                      00381         LIST
2007   3D18           00008         __config 0x3D18                 ;sets the configuration settings (oscillator type etc.)
                      00009 
                      00010 ; We are telling the assembler we want to start allocating symbolic variables starting
                      00011 ;    at machine location 0x20.
                      00012 
Warning[205]: Found directive in column 1. (cblock)
                      00013 cblock  0x20                    ;start of general purpose registers
  00000020            00014                 var1                    ;var1 is symbolic name for location 0x20 - <use>
  00000021            00015                 var2                    ;var2 is symbolic name for location 0x21 - <use>
  00000022            00016                 countp                  ;counter w/in Poll loop
  00000023            00017                 counts                  ;counter w/in Send loop
  00000024            00018                 countd                  ;counter w/in Delay loop
  00000025            00019                 number
                      00020         endc
                      00021 
                      00022 ;the following lines turn off the comparators
0000   3007           00023         movlw   0x07
0001   009F           00024         movwf   CMCON           ;turn comparators off (make it like a 16F84)
                      00025         
                      00026 ;We must change memory banks to set the TRIS registers
                      00027 
0002   1683           00028         bsf             STATUS,RP0
0003   3000           00029         movlw   0x00
Message[302]: Register in operand not in bank 0.  Ensure that bank bits are correct.
0004   0086           00030         movwf   TRISB                   ;PORTB is output
0005   30C3           00031         movlw   b'11000011'
Message[302]: Register in operand not in bank 0.  Ensure that bank bits are correct.
0006   0085           00032         movwf   TRISA                   ;RA0, RA1, RA6, and RA7 are input
0007   1283           00033         bcf             STATUS,RP0              ;return to bank 0
                      00034 
                      00035 ;PROGRAM BODY
                      00036 ;While low, poll RA6 every 50µs. If high, read input,
                      00037 ;transmit, delay, and continue.
                      00038 ;(50µs = 2µs + 3µs + 43µs + 2µs)
                      00039 
0008   1505           00040         bsf             PORTA, 0x02     ;default transmit bit is high
                      00041         
MPASM  5.51                P2_TRANSMITTER.ASM   2-12-2014  4:15:05         PAGE  2


LOC  OBJECT CODE     LINE SOURCE TEXT
  VALUE

0009                  00042 Poll_it
                      00043         ;2µs (if RA6 low):
0009   1B05           00044         btfsc   PORTA,0x06      ;if RA6 low, delay and repeat
000A   2010           00045         call    Read_it         ;if RA6 high, read input
                      00046 
                      00047         ;3µs:
000B   3008           00048         movlw   d'8'
000C   00A4           00049         movwf   countd          ;counter for Delay_it
000D   0000           00050         nop
                      00051         
                      00052         ;43µs (2µs + (5µs * 8) + 1µs)
000E   202E           00053         call    Delay_it
                      00054         
                      00055         ;2µs:
000F   2809           00056         goto    Poll_it
                      00057 
                      00058 ;SUBROUTINE Read_it
                      00059 ;Clears 'number' register. Sets each bit if
                      00060 ;corresponding input is high.
0010                  00061 Read_it
0010   01A5           00062         clrf    number
                      00063         
                      00064         ;Relate PORTA inputs to bits in 'number.'
                      00065 
0011   1885           00066         btfsc   PORTA, 0x01     ;high-order bit
0012   1525           00067         bsf             number, 0x02
                      00068         
0013   1805           00069         btfsc   PORTA, 0x00     ;middle bit
0014   14A5           00070         bsf             number, 0x01
                      00071         
0015   1B85           00072         btfsc   PORTA, 0x07     ;low-order bit
0016   1425           00073         bsf             number, 0x00
                      00074         
                      00075         ;Input is stored in 'number' (7 = 00000111).
                      00076         ;Transmit byte through RA2, high-order bit first.
                      00077         
0017   3008           00078         movlw   0x08
0018   00A3           00079         movwf   counts          ;counter for Send_it (8 bits)
                      00080         
0019   1105           00081         bcf             PORTA,0x02      ;set start bit (low)
                      00082         
                      00083         ;Wait 104µs before transmission of first bit
                      00084         ;(4µs + 98µs + 2µs)
                      00085         
                      00086         ;4µs
001A   3013           00087         movlw   d'19'
001B   00A4           00088         movwf   countd          ;counter for Delay_it
001C   0000           00089         nop
001D   0000           00090         nop
                      00091         
                      00092         ;98µs (2 µs + (5µs * 19) + 1µs):
001E   202E           00093         call    Delay_it
                      00094         
MPASM  5.51                P2_TRANSMITTER.ASM   2-12-2014  4:15:05         PAGE  3


LOC  OBJECT CODE     LINE SOURCE TEXT
  VALUE

                      00095         ;2µs
001F   2022           00096         call    Send_it
                      00097         
0020   1505           00098         bsf             PORTA, 0x02     ;set stop bit (high)
0021   0008           00099         return                          ;return from Read_it
                      00100 
                      00101 ;SUBROUTINE Send_it
                      00102 ;Each iteration of Send_it takes 104µs
                      00103 ;(5µs + 3µs + 93µs + 3µs)
0022                  00104 Send_it
                      00105         ;5µs:
0022   0DA5           00106         rlf             number, f       ;shift bits left
0023   1803           00107         btfsc   STATUS, C       ;if carry bit = 1,      
0024   1505           00108         bsf             PORTA,0x02      ;               set RA2.
0025   1C03           00109         btfss   STATUS, C       ;if carry bit = 0,
0026   1105           00110         bcf             PORTA,0x02      ;               clear RA2.
                      00111 
                      00112         ;3µs:
0027   3012           00113         movlw   d'18'
0028   00A4           00114         movwf   countd          ;counter for Delay_it
0029   0000           00115         nop
                      00116         
                      00117         ;93µs (2µs + (5µs * 18) + 1µs):
002A   202E           00118         call    Delay_it
                      00119 
                      00120         ;3µs (not including return):
Message[305]: Using default destination of 1 (file).
002B   0BA3           00121         decfsz  counts          ;decrement count of 8 bits
002C   2822           00122         goto    Send_it
                      00123         
002D   0008           00124         return                          ;return from Send_it
                      00125 
                      00126 ;SUBROUTINE Delay_it
                      00127 ;Total delay here, including return, is according
                      00128 ;to contents of countd: (5µs * countd) + 1µs
002E                  00129 Delay_it
                      00130         ;5µs (+1µs on last pass):
002E   0000           00131         nop
002F   0000           00132         nop
Message[305]: Using default destination of 1 (file).
0030   0BA4           00133         decfsz  countd
0031   282E           00134         goto    Delay_it
                      00135 
0032   0008           00136         return                          ;return from Delay_it
                      00137 
                      00138 
                      00139         end
MPASM  5.51                P2_TRANSMITTER.ASM   2-12-2014  4:15:05         PAGE  4


SYMBOL TABLE
  LABEL                             VALUE 

ADDEN                             00000003
ADEN                              00000003
BRGH                              00000002
C                                 00000000
C1INV                             00000004
C1OUT                             00000006
C2INV                             00000005
C2OUT                             00000007
CCP1CON                           00000017
CCP1IE                            00000002
CCP1IF                            00000002
CCP1M0                            00000000
CCP1M1                            00000001
CCP1M2                            00000002
CCP1M3                            00000003
CCP1X                             00000005
CCP1Y                             00000004
CCPR1                             00000015
CCPR1H                            00000016
CCPR1L                            00000015
CIS                               00000003
CM0                               00000000
CM1                               00000001
CM2                               00000002
CMCON                             0000001F
CMIE                              00000006
CMIF                              00000006
CREN                              00000004
CSRC                              00000007
DATA_CP_OFF                       00003FFF
DATA_CP_ON                        00003EFF
DC                                00000001
Delay_it                          0000002E
EEADR                             0000009B
EECON1                            0000009C
EECON2                            0000009D
EEDATA                            0000009A
EEIE                              00000007
EEIF                              00000007
F                                 00000001
FERR                              00000002
FSR                               00000004
GIE                               00000007
INDF                              00000000
INTCON                            0000000B
INTE                              00000004
INTEDG                            00000006
INTF                              00000001
IRP                               00000007
NOT_BO                            00000000
NOT_BOD                           00000000
NOT_BOR                           00000000
NOT_PD                            00000003
MPASM  5.51                P2_TRANSMITTER.ASM   2-12-2014  4:15:05         PAGE  5


SYMBOL TABLE
  LABEL                             VALUE 

NOT_POR                           00000001
NOT_RBPU                          00000007
NOT_T1SYNC                        00000002
NOT_TO                            00000004
OERR                              00000001
OPTION_REG                        00000081
OSCF                              00000003
PCL                               00000002
PCLATH                            0000000A
PCON                              0000008E
PEIE                              00000006
PIE1                              0000008C
PIR1                              0000000C
PORTA                             00000005
PORTB                             00000006
PR2                               00000092
PS0                               00000000
PS1                               00000001
PS2                               00000002
PSA                               00000003
Poll_it                           00000009
RA0                               00000000
RA1                               00000001
RA2                               00000002
RA3                               00000003
RA4                               00000004
RA5                               00000005
RA6                               00000006
RA7                               00000007
RB0                               00000000
RB1                               00000001
RB2                               00000002
RB3                               00000003
RB4                               00000004
RB5                               00000005
RB6                               00000006
RB7                               00000007
RBIE                              00000003
RBIF                              00000000
RCIE                              00000005
RCIF                              00000005
RCREG                             0000001A
RCSTA                             00000018
RD                                00000000
RP0                               00000005
RP1                               00000006
RX9                               00000006
RX9D                              00000000
Read_it                           00000010
SPBRG                             00000099
SPEN                              00000007
SREN                              00000005
STATUS                            00000003
MPASM  5.51                P2_TRANSMITTER.ASM   2-12-2014  4:15:05         PAGE  6


SYMBOL TABLE
  LABEL                             VALUE 

SYNC                              00000004
Send_it                           00000022
T0CS                              00000005
T0IE                              00000005
T0IF                              00000002
T0SE                              00000004
T1CKPS0                           00000004
T1CKPS1                           00000005
T1CON                             00000010
T1OSCEN                           00000003
T2CKPS0                           00000000
T2CKPS1                           00000001
T2CON                             00000012
TMR0                              00000001
TMR0IE                            00000005
TMR0IF                            00000002
TMR1                              0000000E
TMR1CS                            00000001
TMR1H                             0000000F
TMR1IE                            00000000
TMR1IF                            00000000
TMR1L                             0000000E
TMR1ON                            00000000
TMR2                              00000011
TMR2IE                            00000001
TMR2IF                            00000001
TMR2ON                            00000002
TOUTPS0                           00000003
TOUTPS1                           00000004
TOUTPS2                           00000005
TOUTPS3                           00000006
TRISA                             00000085
TRISA0                            00000000
TRISA1                            00000001
TRISA2                            00000002
TRISA3                            00000003
TRISA4                            00000004
TRISA5                            00000005
TRISA6                            00000006
TRISA7                            00000007
TRISB                             00000086
TRISB0                            00000000
TRISB1                            00000001
TRISB2                            00000002
TRISB3                            00000003
TRISB4                            00000004
TRISB5                            00000005
TRISB6                            00000006
TRISB7                            00000007
TRMT                              00000001
TX9                               00000006
TX9D                              00000000
TXEN                              00000005
MPASM  5.51                P2_TRANSMITTER.ASM   2-12-2014  4:15:05         PAGE  7


SYMBOL TABLE
  LABEL                             VALUE 

TXIE                              00000004
TXIF                              00000004
TXREG                             00000019
TXSTA                             00000098
VR0                               00000000
VR1                               00000001
VR2                               00000002
VR3                               00000003
VRCON                             0000009F
VREN                              00000007
VROE                              00000006
VRR                               00000005
W                                 00000000
WR                                00000001
WREN                              00000002
WRERR                             00000003
Z                                 00000002
_BODEN_OFF                        00003FBF
_BODEN_ON                         00003FFF
_BOREN_OFF                        00003FBF
_BOREN_ON                         00003FFF
_CONFIG                           00002007
_CPD_OFF                          00003FFF
_CPD_ON                           00003EFF
_CP_50                            00002BFF
_CP_75                            000017FF
_CP_ALL                           000003FF
_CP_OFF                           00003FFF
_DEVID1                           00002006
_ER_OSC_CLKOUT                    00003FFF
_ER_OSC_NOCLKOUT                  00003FFE
_EXTCLK_OSC                       00003FEF
_FOSC_ECIO                        00003FEF
_FOSC_ERCLK                       00003FFF
_FOSC_ERIO                        00003FFE
_FOSC_HS                          00003FEE
_FOSC_INTOSCCLK                   00003FFD
_FOSC_INTOSCIO                    00003FFC
_FOSC_LP                          00003FEC
_FOSC_XT                          00003FED
_HS_OSC                           00003FEE
_IDLOC0                           00002000
_IDLOC1                           00002001
_IDLOC2                           00002002
_IDLOC3                           00002003
_INTRC_OSC_CLKOUT                 00003FFD
_INTRC_OSC_NOCLKOUT               00003FFC
_LP_OSC                           00003FEC
_LVP_OFF                          00003F7F
_LVP_ON                           00003FFF
_MCLRE_OFF                        00003FDF
_MCLRE_ON                         00003FFF
_PWRTE_OFF                        00003FFF
MPASM  5.51                P2_TRANSMITTER.ASM   2-12-2014  4:15:05         PAGE  8


SYMBOL TABLE
  LABEL                             VALUE 

_PWRTE_ON                         00003FF7
_WDTE_OFF                         00003FFB
_WDTE_ON                          00003FFF
_WDT_OFF                          00003FFB
_WDT_ON                           00003FFF
_XT_OSC                           00003FED
__16F628                          00000001
countd                            00000024
countp                            00000022
counts                            00000023
number                            00000025
var1                              00000020
var2                              00000021


MEMORY USAGE MAP ('X' = Used,  '-' = Unused)

0000 : XXXXXXXXXXXXXXXX XXXXXXXXXXXXXXXX XXXXXXXXXXXXXXXX XXX-------------
2000 : -------X-------- ---------------- ---------------- ----------------

All other memory blocks unused.

Program Memory Words Used:    51
Program Memory Words Free:  1997


Errors   :     0
Warnings :     1 reported,     0 suppressed
Messages :     4 reported,     0 suppressed

